This is pdfTeX, Version 3.141592653-2.6-1.40.26 (TeX Live 2025/dev/Debian) (preloaded format=pdflatex 2026.6.7)  6 SEP 2026 17:16
entering extended mode
 restricted \write18 enabled.
 file:line:error style messages enabled.
 %&-line parsing enabled.
**"/mnt/shared/GoogleDrive/MyDrive/ChromebookProjects/HI papers/publications/quantumMechanics/Quantum Mechanics"
(/mnt/shared/GoogleDrive/MyDrive/ChromebookProjects/HI papers/publications/quantumMechanics/Quantum Mechanics.tex
LaTeX2e <2024-11-01> patch level 2
L3 programming layer <2025-01-18>
(/usr/share/texlive/texmf-dist/tex/latex/base/latex209.def
File: latex209.def 2020/11/26 v0.55 Standard LaTeX file


          Entering LaTeX 2.09 COMPATIBILITY MODE
 *************************************************************
    !!WARNING!!    !!WARNING!!    !!WARNING!!    !!WARNING!!   
 
 This mode attempts to provide an emulation of the LaTeX 2.09
 author environment so that OLD documents can be successfully
 processed. It should NOT be used for NEW documents!
 
 New documents should use Standard LaTeX conventions and start
 with the \documentclass command.
 
 Compatibility mode is UNLIKELY TO WORK with LaTeX 2.09 style
 files that change any internal macros, especially not with
 those that change the FONT SELECTION or OUTPUT ROUTINES.
 
 Therefore such style files MUST BE UPDATED to use
          Current Standard LaTeX: LaTeX2e.
 If you suspect that you may be using such a style file, which
 is probably very, very old by now, then you should attempt to
 get it updated by sending a copy of this error message to the
 author of that file.
 *************************************************************

\footheight=\dimen141
\@maxsep=\dimen142
\@dblmaxsep=\dimen143
\@cla=\count196
\@clb=\count197
\mscount=\count198
(/usr/share/texlive/texmf-dist/tex/latex/base/tracefnt.sty
Package: tracefnt 2020/12/22 v3.0n Standard LaTeX package (font tracing)
\tracingfonts=\count199
LaTeX Info: Redefining \selectfont on input line 107.
Applying: [2021/06/01] Add hook to \selectfont  on input line 142.
Already applied: [0000/00/00] Add hook to \selectfont  on input line 145.
)
\symbold=\mathgroup4
\symsans=\mathgroup5
\symtypewriter=\mathgroup6
\symitalic=\mathgroup7
\symsmallcaps=\mathgroup8
\symslanted=\mathgroup9
LaTeX Font Info:    Redeclaring math alphabet \mathbf on input line 275.
LaTeX Font Info:    Redeclaring math alphabet \mathsf on input line 276.
LaTeX Font Info:    Redeclaring math alphabet \mathtt on input line 277.
LaTeX Font Info:    Redeclaring math alphabet \mathit on input line 283.
LaTeX Info: Redefining \em on input line 293.
 (/usr/share/texlive/texmf-dist/tex/latex/base/latexsym.sty
Package: latexsym 1998/08/17 v2.2e Standard LaTeX package (lasy symbols)
\symlasy=\mathgroup10
LaTeX Font Info:    Overwriting symbol font `lasy' in version `bold'
(Font)                  U/lasy/m/n --> U/lasy/b/n on input line 52.
)
LaTeX Font Info:    Redeclaring math delimiter \lgroup on input line 339.
LaTeX Font Info:    Redeclaring math delimiter \rgroup on input line 341.
LaTeX Font Info:    Redeclaring math delimiter \bracevert on input line 343.
) (/usr/share/texlive/texmf-dist/tex/latex/base/article.cls
Document Class: article 2024/06/29 v1.4n Standard LaTeX document class
(/usr/share/texlive/texmf-dist/tex/latex/base/size11.clo
File: size11.clo 2024/06/29 v1.4n Standard LaTeX file (size option)
)
\c@part=\count266
\c@section=\count267
\c@subsection=\count268
\c@subsubsection=\count269
\c@paragraph=\count270
\c@subparagraph=\count271
\c@figure=\count272
\c@table=\count273
\abovecaptionskip=\skip49
\belowcaptionskip=\skip50
Compatibility mode: definition of \rm ignored.
Compatibility mode: definition of \sf ignored.
Compatibility mode: definition of \tt ignored.
Compatibility mode: definition of \bf ignored.
Compatibility mode: definition of \it ignored.
Compatibility mode: definition of \sl ignored.
Compatibility mode: definition of \sc ignored.
LaTeX Info: Redefining \cal on input line 497.
LaTeX Info: Redefining \mit on input line 498.
\bibindent=\dimen144
) (/usr/share/texlive/texmf-dist/tex/latex/l3backend/l3backend-pdftex.def
File: l3backend-pdftex.def 2024-05-08 L3 backend support: PDF output (pdfTeX)
\l__color_backend_stack_int=\count274
\l__pdf_internal_box=\box52
) (./Quantum Mechanics.aux)
\openout1 = `"Quantum Mechanics.aux"'.

LaTeX Font Info:    Checking defaults for OML/cmm/m/it on input line 88.
LaTeX Font Info:    ... okay on input line 88.
LaTeX Font Info:    Checking defaults for OMS/cmsy/m/n on input line 88.
LaTeX Font Info:    ... okay on input line 88.
LaTeX Font Info:    Checking defaults for OT1/cmr/m/n on input line 88.
LaTeX Font Info:    ... okay on input line 88.
LaTeX Font Info:    Checking defaults for T1/cmr/m/n on input line 88.
LaTeX Font Info:    ... okay on input line 88.
LaTeX Font Info:    Checking defaults for TS1/cmr/m/n on input line 88.
LaTeX Font Info:    ... okay on input line 88.
LaTeX Font Info:    Checking defaults for OMX/cmex/m/n on input line 88.
LaTeX Font Info:    ... okay on input line 88.
LaTeX Font Info:    Checking defaults for U/cmr/m/n on input line 88.
LaTeX Font Info:    ... okay on input line 88.
LaTeX Font Info:    External font `cmex10' loaded for size
(Font)              <12> on input line 92.
LaTeX Font Info:    External font `cmex10' loaded for size
(Font)              <8> on input line 92.
LaTeX Font Info:    External font `cmex10' loaded for size
(Font)              <6> on input line 92.
LaTeX Font Info:    Trying to load font information for U+lasy on input line 92.
 (/usr/share/texlive/texmf-dist/tex/latex/base/ulasy.fd
File: ulasy.fd 1998/08/17 v2.2e LaTeX symbol font definitions
)
LaTeX Font Info:    External font `cmex10' loaded for size
(Font)              <10.95> on input line 113.

Missing character: There is no ã in font cmr10!
Missing character: There is no € in font cmr10!
Missing character: There is no € in font cmr10!

Overfull \hbox (44.55658pt too wide) in paragraph at lines 113--128
[][] 
 []


Underfull \hbox (badness 3895) in paragraph at lines 180--180
[]\OT1/cmr/m/n/10.95 (P) Fourier Trans-form for
 []


Overfull \hbox (44.55658pt too wide) in paragraph at lines 133--199
[][] 
 []



[1

{/var/lib/texmf/fonts/map/pdftex/updmap/pdftex.map}]
Underfull \hbox (badness 3536) in paragraph at lines 231--231
[]\OT1/cmr/m/n/10.95 (P) Prop-er-ties for uni-tary
 []


Overfull \hbox (3.26872pt too wide) in paragraph at lines 231--232
[]$[]$
 []


Underfull \hbox (badness 10000) in paragraph at lines 261--261
[]\OT1/cmr/m/n/10.95 (D) \OT1/cmr/bx/n/10.95 Ex-po-nen-tial of a
 []


Overfull \hbox (5.98497pt too wide) in paragraph at lines 272--273
[][]| 
 []


Overfull \hbox (44.55658pt too wide) in paragraph at lines 206--296
[][] 
 []



[2]
Overfull \hbox (44.55658pt too wide) in paragraph at lines 302--349
[][] 
 []



[3]
Underfull \hbox (badness 3118) in paragraph at lines 413--413
[]\OT1/cmr/m/n/10.95 A den-sity ma-trix can be writ-ten as $[][] \OML/cmm/m/it/10.95 [] [] []$ \OT1/cmr/m/n/10.95 and
 []


Underfull \hbox (badness 10000) in paragraph at lines 429--430
[]\OT1/cmr/m/n/10.95 Note that the par-tial traces $[][] []$ and
 []

LaTeX Font Info:    External font `cmex10' loaded for size
(Font)              <7> on input line 431.
LaTeX Font Info:    External font `cmex10' loaded for size
(Font)              <5> on input line 431.

Overfull \hbox (44.55658pt too wide) in paragraph at lines 358--449
[][] 
 []



[4]
Underfull \hbox (badness 10000) in paragraph at lines 467--467
[]\OT1/cmr/m/n/10.95 (D) \OT1/cmr/bx/n/10.95 one qubit
 []


Overfull \hbox (44.55658pt too wide) in paragraph at lines 455--471
[][] 
 []



[5]
Underfull \hbox (badness 1558) in paragraph at lines 506--507
[]\OT1/cmr/m/n/10.95 Let $\OML/cmm/m/it/10.95 a$ \OT1/cmr/m/n/10.95 be the mea-sure-ment along $\OML/cmm/m/it/10.95 ^^[[]$ \OT1/cmr/m/n/10.95 and $\OML/cmm/m/it/10.95 a[]$ \OT1/cmr/m/n/10.95 be along $\OML/cmm/m/it/10.95 ^^[[]$
 []


Overfull \hbox (44.55658pt too wide) in paragraph at lines 476--508
[][] 
 []


Overfull \hbox (44.55658pt too wide) in paragraph at lines 509--526
[][] 
 []



[6]
Underfull \hbox (badness 10000) in paragraph at lines 565--565
[]\OT1/cmr/m/n/10.95 (D) \OT1/cmr/bx/n/10.95 von Neu-mann
 []


Underfull \hbox (badness 10000) in paragraph at lines 597--597
[]\OT1/cmr/m/n/10.95 (D) \OT1/cmr/bx/n/10.95 Gen-er-al-ized
 []


Underfull \hbox (badness 1400) in paragraph at lines 624--624
[]\OT1/cmr/m/n/10.95 (P) In-ter-pret-ing gen-er-al-ized
 []


Overfull \hbox (44.55658pt too wide) in paragraph at lines 531--625
[][] 
 []



[7]
Overfull \vbox (7.95741pt too high) has occurred while \output is active []



[8]
Underfull \hbox (badness 10000) in paragraph at lines 644--644
\OT1/cmr/m/n/10.95 is a von Neu-mann
 []


Overfull \hbox (44.55658pt too wide) in paragraph at lines 625--669
[][] 
 []


Overfull \hbox (9.74095pt too wide) in paragraph at lines 696--697
[][]| 
 []


Overfull \hbox (44.55658pt too wide) in paragraph at lines 674--712
[][] 
 []



[9]
Underfull \hbox (badness 10000) in paragraph at lines 721--721
[]\OT1/cmr/m/n/10.95 (D) \OT1/cmr/bx/n/10.95 macro and mi-cro
 []


Underfull \hbox (badness 10000) in paragraph at lines 725--725
[]\OT1/cmr/m/n/10.95 (D) \OT1/cmr/bx/n/10.95 ther-mo-dy-namic
 []


Underfull \hbox (badness 1205) in paragraph at lines 736--736
[]\OT1/cmr/m/n/10.95 (P) Pos-si-ble ex-pla-na-tion of
 []


Underfull \hbox (badness 10000) in paragraph at lines 744--744
[]\OT1/cmr/m/n/10.95 (P) Sec-ond law of
 []


Underfull \hbox (badness 10000) in paragraph at lines 746--746
[]\OT1/cmr/m/n/10.95 (P) Lan-dauer's era-sure
 []


Overfull \hbox (44.55658pt too wide) in paragraph at lines 717--749
[][] 
 []



[10]
Underfull \hbox (badness 10000) in paragraph at lines 783--783
[]\OT1/cmr/m/n/10.95 (P) Step 1: sim-ple
 []


Underfull \hbox (badness 1270) in paragraph at lines 812--812
[]\OT1/cmr/m/n/10.95 (P) Step 2: cou-pling kills
 []


Overfull \hbox (44.55658pt too wide) in paragraph at lines 754--877
[][] 
 []



[11]
Overfull \vbox (4.24213pt too high) has occurred while \output is active []



[12]
Underfull \hbox (badness 10000) in paragraph at lines 945--945
[]\OT1/cmr/m/n/10.95 (P) ap-prox-i-ma-tive cloning
 []


Overfull \hbox (44.55658pt too wide) in paragraph at lines 882--948
[][] 
 []


Underfull \hbox (badness 10000) in paragraph at lines 956--956
[]\OT1/cmr/m/n/10.95 (D) \OT1/cmr/bx/n/10.95 pro-grammable
 []


Underfull \hbox (badness 1292) in paragraph at lines 972--972
[]\OT1/cmr/m/n/10 So for any two states $[]$ and $[] \OMS/cmsy/m/n/10 2 \OML/cmm/m/it/10 H[]$\OT1/cmr/m/n/10 , we have $[] \OMS/cmsy/m/n/10 
 [] \OML/cmm/m/it/10 G[]G [] \OMS/cmsy/m/n/10 
 [] \OT1/cmr/m/n/10 = [] =
 []


Overfull \hbox (44.55658pt too wide) in paragraph at lines 953--975
[][] 
 []


Overfull \hbox (44.55658pt too wide) in paragraph at lines 980--1016
[][] 
 []



[13]

[14] (./Quantum Mechanics.aux)
 ***********
LaTeX2e <2024-11-01> patch level 2
L3 programming layer <2025-01-18>
 ***********
 ) 
Here is how much of TeX's memory you used:
 745 strings out of 475178
 13024 string characters out of 5766540
 422817 words of memory out of 5000000
 23774 multiletter control sequences out of 15000+600000
 576603 words of font info for 100 fonts, out of 8000000 for 9000
 14 hyphenation exceptions out of 8191
 43i,20n,50p,1041b,268s stack positions out of 10000i,1000n,20000p,200000b,200000s
</usr/share/texlive/texmf-dist/fonts/type1/public/amsfonts/cm/cmbx10.pfb></usr/share/texlive/texmf-dist/fonts/type1/public/amsfonts/cm/cmbx12.pfb></usr/share/texlive/texmf-dist/fonts/type1/public/amsfonts/cm/cmex10.pfb></usr/share/texlive/texmf-dist/fonts/type1/public/amsfonts/cm/cmmi10.pfb></usr/share/texlive/texmf-dist/fonts/type1/public/amsfonts/cm/cmmi6.pfb></usr/share/texlive/texmf-dist/fonts/type1/public/amsfonts/cm/cmmi7.pfb></usr/share/texlive/texmf-dist/fonts/type1/public/amsfonts/cm/cmmi8.pfb></usr/share/texlive/texmf-dist/fonts/type1/public/amsfonts/cm/cmr10.pfb></usr/share/texlive/texmf-dist/fonts/type1/public/amsfonts/cm/cmr12.pfb></usr/share/texlive/texmf-dist/fonts/type1/public/amsfonts/cm/cmr17.pfb></usr/share/texlive/texmf-dist/fonts/type1/public/amsfonts/cm/cmr6.pfb></usr/share/texlive/texmf-dist/fonts/type1/public/amsfonts/cm/cmr7.pfb></usr/share/texlive/texmf-dist/fonts/type1/public/amsfonts/cm/cmr8.pfb></usr/share/texlive/texmf-dist/fonts/type1/public/amsfonts/cm/cmsy10.pfb></usr/share/texlive/texmf-dist/fonts/type1/public/amsfonts/cm/cmsy6.pfb></usr/share/texlive/texmf-dist/fonts/type1/public/amsfonts/cm/cmsy7.pfb></usr/share/texlive/texmf-dist/fonts/type1/public/amsfonts/cm/cmsy8.pfb></usr/share/texlive/texmf-dist/fonts/type1/public/amsfonts/cm/cmti10.pfb></usr/share/texlive/texmf-dist/fonts/type1/public/amsfonts/latxfont/lcircle1.pfb>
Output written on "Quantum Mechanics.pdf" (14 pages, 274328 bytes).
PDF statistics:
 145 PDF objects out of 1000 (max. 8388607)
 90 compressed objects within 1 object stream
 0 named destinations out of 1000 (max. 500000)
 1 words of extra memory for PDF output out of 10000 (max. 10000000)

